11111222233
2345
032
1364635411111222233
2345
032
1364635411111222233
2345
032
1364635411111222233
2345
032
1364635411111222233
2345
032
1364635411111222233
2345
032
1364635411111222233
2345
032
1364635411111222233
2345
032
1364635411111222233
2345
032
1364635411111222233
2345
032
1364635411111222233
2345
032
1364635411111222233
2345
032
1364635411111222233
2345
032
1364635411111222233
2345
032
1364635411111222233
2345
032
1364635411111222233
2345
032
1364635411111222233
2345
032
1364635411111222233
2345
032
1364635411111222233
2345
032
1364635411111222233
2345
032
1364635411111222233
2345
032
1364635411111222233
2345
032
1364635411111222233
2345
032
1364635411111222233
2345
032
1364635411111222233
2345
032
1364635411111222233
2345
032
1364635411111222233
2345
032
1364635411111222233
2345
032
1364635411111222233
2345
032
1364635411111222233
2345
032
1364635411111222233
2345
032
1364635411111222233
2345
032
1364635411111222233
2345
032
1364635411111222233
2345
032
1364635411111222233
2345
032
1364635411111222233
2345
032
1364635411111222233
2345
032
1364635411111222233
2345
032
1364635411111222233
2345
032
1364635411111222233
2345
032
1364635411111222233
2345
032
1364635411111222233
2345
032
1364635411111222233
2345
032
1364635411111222233
2345
032
1364635411111222233
2345
032
1364635411111222233
2345
032
1364635411111222233
2345
032
1364635411111222233
2345
032
1364635411111222233
2345
032
1364635411111222233
2345
032
1364635411111222233
2345
032
1364635411111222233
2345
032
1364635411111222233
2345
032
1364635411111222233
2345
032
1364635411111222233
2345
032
1364635411111222233
2345
032
1364635411111222233
2345
032
1364635411111222233
2345
032
1364635411111222233
2345
032
1364635411111222233
2345
032
1364635411111222233
2345
032
1364635411111222233
2345
032
1364635411111222233
2345
032
1364635411111222233
2345
032
1364635411111222233
2345
032
1364635411111222233
2345
032
1364635411111222233
2345
032
1364635411111222233
2345
032
1364635411111222233
2345
032
1364635411111222233
2345
032
1364635411111222233
2345
032
1364635411111222233
2345
032
1364635411111222233
2345
032
1364635411111222233
2345
032
1364635411111222233
2345
032
1364635411111222233
2345
032
1364635411111222233
2345
032
1364635411111222233
2345
032
1364635411111222233
2345
032
1364635411111222233
2345
032
1364635411111222233
2345
032
1364635411111222233
2345
032
1364635411111222233
2345
032
1364635411111222233
2345
032
1364635411111222233
2345
032
1364635411111222233
2345
032
1364635411111222233
2345
032
1364635411111222233
2345
032
1364635411111222233
2345
032
1364635411111222233
2345
032
1364635411111222233
2345
032
1364635411111222233
2345
032
1364635411111222233
2345
032
1364635411111222233
2345
032
1364635411111222233
2345
032
1364635411111222233
2345
032
1364635411111222233
2345
032
1364635411111222233
2345
032
1364635411111222233
2345
032
1364635411111222233
2345
032
1364635411111222233
2345
032
1364635411111222233
2345
032
1364635411111222233
2345
032
1364635411111222233
2345
032
1364635411111222233
2345
032
1364635411111222233
2345
032
1364635411111222233
2345
032
1364635411111222233
2345
032
1364635411111222233
2345
032
1364635411111222233
2345
032
1364635411111222233
2345
032
1364635411111222233
2345
032
1364635411111222233
2345
032
1364635411111222233
2345
032
1364635411111222233
2345
032
1364635411111222233
2345
032
1364635411111222233
2345
032
1364635411111222233
2345
032
1364635411111222233
2345
032
1364635411111222233
2345
032
1364635411111222233
2345
032
1364635411111222233
2345
032
1364635411111222233
2345
032
13646354
